{
  "round1": {
    "eagles": 0,
    "birdies": 2,
    "pars": 12,
    "bogeys": 4,
    "doubleBogeys": 0,
    "threePlusBogeys": 0,
    "sgOffTee": -0.817,
    "sgApproachGreen": -0.349,
    "sgAroundGreen": 0.260,
    "sgPutting": -2.182,
    "sgTeeToGreen": -0.906,
    "sgTotal": -3.088,
    "drivingAccuracy": 66.67,
    "drivingDistance": 272.0,
    "longestDrive": 383,
    "scrambling": 50,
    "gir": 77.78,
    "puttsPerGir": 2.143
  }
}